// Generated using SwiftGen, by O.Halligon â€” https://github.com/AliSoftware/SwiftGen

import Foundation
import Cocoa

protocol StoryboardSceneType {
  static var storyboardName: String { get }
}

extension StoryboardSceneType {
  static func storyboard() -> NSStoryboard {
    return NSStoryboard(name: self.storyboardName, bundle: nil)
  }

  static func initialController() -> AnyObject {
    return storyboard().instantiateInitialController()!
  }
}

extension StoryboardSceneType where Self: RawRepresentable, Self.RawValue == String {
  func controller() -> AnyObject {
    return Self.storyboard().instantiateControllerWithIdentifier(self.rawValue)
  }
  static func controller(identifier: Self) -> AnyObject {
    return identifier.controller()
  }
}

protocol StoryboardSegueType: RawRepresentable { }

extension NSWindowController {
  func performSegue<S: StoryboardSegueType where S.RawValue == String>(segue: S, sender: AnyObject? = nil) {
    performSegueWithIdentifier(segue.rawValue, sender: sender)
  }
}

extension NSViewController {
  func performSegue<S: StoryboardSegueType where S.RawValue == String>(segue: S, sender: AnyObject? = nil) {
    performSegueWithIdentifier(segue.rawValue, sender: sender)
  }
}

struct StoryboardScene {
  enum Anonymous: StoryboardSceneType {
    static let storyboardName = "Anonymous"
  }
  enum Dependency: String, StoryboardSceneType {
    static let storyboardName = "Dependency"

    case DependentScene = "Dependent"
    static func instantiateDependent() -> NSViewController {
      guard let vc = StoryboardScene.Dependency.DependentScene.controller() as? NSViewController
      else {
        fatalError("ViewController 'Dependent' is not of the expected class NSViewController.")
      }
      return vc
    }
  }
  enum Message: String, StoryboardSceneType {
    static let storyboardName = "Message"

    case ComposerScene = "Composer"
    static func instantiateComposer() -> NSViewController {
      guard let vc = StoryboardScene.Message.ComposerScene.controller() as? NSViewController
      else {
        fatalError("ViewController 'Composer' is not of the expected class NSViewController.")
      }
      return vc
    }

    case MessagesListScene = "MessagesList"
    static func instantiateMessagesList() -> NSTableViewController {
      guard let vc = StoryboardScene.Message.MessagesListScene.controller() as? NSTableViewController
      else {
        fatalError("ViewController 'MessagesList' is not of the expected class NSTableViewController.")
      }
      return vc
    }

    case NavCtrlScene = "NavCtrl"
    static func instantiateNavCtrl() -> NSNavigationController {
      guard let vc = StoryboardScene.Message.NavCtrlScene.controller() as? NSNavigationController
      else {
        fatalError("ViewController 'NavCtrl' is not of the expected class NSNavigationController.")
      }
      return vc
    }

    case URLChooserScene = "URLChooser"
    static func instantiateURLChooser() -> XXPickerViewController {
      guard let vc = StoryboardScene.Message.URLChooserScene.controller() as? XXPickerViewController
      else {
        fatalError("ViewController 'URLChooser' is not of the expected class XXPickerViewController.")
      }
      return vc
    }
  }
  enum Placeholder: String, StoryboardSceneType {
    static let storyboardName = "Placeholder"

    case NavigationScene = "Navigation"
    static func instantiateNavigation() -> NSNavigationController {
      guard let vc = StoryboardScene.Placeholder.NavigationScene.controller() as? NSNavigationController
      else {
        fatalError("ViewController 'Navigation' is not of the expected class NSNavigationController.")
      }
      return vc
    }
  }
  enum Wizard: String, StoryboardSceneType {
    static let storyboardName = "Wizard"

    case Accept_CGUScene = "Accept-CGU"
    static func instantiateAcceptCGU() -> NSViewController {
      guard let vc = StoryboardScene.Wizard.Accept_CGUScene.controller() as? NSViewController
      else {
        fatalError("ViewController 'Accept-CGU' is not of the expected class NSViewController.")
      }
      return vc
    }

    case CreateAccountScene = "CreateAccount"
    static func instantiateCreateAccount() -> CreateAccViewController {
      guard let vc = StoryboardScene.Wizard.CreateAccountScene.controller() as? CreateAccViewController
      else {
        fatalError("ViewController 'CreateAccount' is not of the expected class CreateAccViewController.")
      }
      return vc
    }

    case PreferencesScene = "Preferences"
    static func instantiatePreferences() -> NSTableViewController {
      guard let vc = StoryboardScene.Wizard.PreferencesScene.controller() as? NSTableViewController
      else {
        fatalError("ViewController 'Preferences' is not of the expected class NSTableViewController.")
      }
      return vc
    }

    case Validate_PasswordScene = "Validate_Password"
    static func instantiateValidatePassword() -> NSViewController {
      guard let vc = StoryboardScene.Wizard.Validate_PasswordScene.controller() as? NSViewController
      else {
        fatalError("ViewController 'Validate_Password' is not of the expected class NSViewController.")
      }
      return vc
    }
  }
}

struct StoryboardSegue {
  enum Message: String, StoryboardSegueType {
    case CustomBack = "CustomBack"
    case Embed = "Embed"
    case NonCustom = "NonCustom"
    case Show_NavCtrl = "Show-NavCtrl"
  }
  enum Wizard: String, StoryboardSegueType {
    case ShowPassword = "ShowPassword"
  }
}
